Starting a Gradle Daemon, 1 busy Daemon could not be reused, use --status for details
Calculating task graph as configuration cache cannot be reused because file 'gradle/libs.versions.toml' has changed.
> Task :app:preBuild UP-TO-DATE
> Task :app:preDebugBuild UP-TO-DATE
> Task :app:generateDebugBuildConfig UP-TO-DATE
> Task :app:generateDebugResources UP-TO-DATE
> Task :app:packageDebugResources UP-TO-DATE
> Task :app:processDebugNavigationResources UP-TO-DATE
> Task :app:parseDebugLocalResources UP-TO-DATE
> Task :app:generateDebugRFile UP-TO-DATE
> Task :app:kspDebugKotlin UP-TO-DATE

> Task :app:compileDebugKotlin FAILED
e: file:///app/applet/app/src/main/java/com/example/MainActivity.kt:155:21 No parameter with name 'onContinue' found.
e: file:///app/applet/app/src/main/java/com/example/data/sync/FirestoreManager.kt:6:28 Unresolved reference 'firestore'.
e: file:///app/applet/app/src/main/java/com/example/data/sync/FirestoreManager.kt:7:27 Unresolved reference 'tasks'.
e: file:///app/applet/app/src/main/java/com/example/data/sync/FirestoreManager.kt:14:21 Unresolved reference 'FirebaseFirestore'.
e: file:///app/applet/app/src/main/java/com/example/data/sync/FirestoreManager.kt:16:13 Unresolved reference 'FirebaseFirestore'.
e: file:///app/applet/app/src/main/java/com/example/data/sync/FirestoreManager.kt:23:37 Property delegate must have a 'getValue(FirestoreManager, KProperty1<FirestoreManager, ERROR CLASS: Cannot infer argument for type parameter T>)' method. None of the following functions is applicable:
fun <T> Lazy<T>.getValue(thisRef: Any?, property: KProperty<*>): T
e: file:///app/applet/app/src/main/java/com/example/data/sync/FirestoreManager.kt:23:40 Cannot infer type for this parameter. Specify it explicitly.
e: file:///app/applet/app/src/main/java/com/example/data/sync/FirestoreManager.kt:23:40 Not enough information to infer type argument for 'T'.
e: file:///app/applet/app/src/main/java/com/example/data/sync/FirestoreManager.kt:23:40 Cannot infer type for this parameter. Specify it explicitly.
e: file:///app/applet/app/src/main/java/com/example/data/sync/FirestoreManager.kt:23:40 Not enough information to infer type argument for 'T'.
e: file:///app/applet/app/src/main/java/com/example/data/sync/FirestoreManager.kt:23:51 Unresolved reference 'collection'.
e: file:///app/applet/app/src/main/java/com/example/data/sync/FirestoreManager.kt:24:34 Property delegate must have a 'getValue(FirestoreManager, KProperty1<FirestoreManager, ERROR CLASS: Cannot infer argument for type parameter T>)' method. None of the following functions is applicable:
fun <T> Lazy<T>.getValue(thisRef: Any?, property: KProperty<*>): T
e: file:///app/applet/app/src/main/java/com/example/data/sync/FirestoreManager.kt:24:37 Cannot infer type for this parameter. Specify it explicitly.
e: file:///app/applet/app/src/main/java/com/example/data/sync/FirestoreManager.kt:24:37 Not enough information to infer type argument for 'T'.
e: file:///app/applet/app/src/main/java/com/example/data/sync/FirestoreManager.kt:24:37 Cannot infer type for this parameter. Specify it explicitly.
e: file:///app/applet/app/src/main/java/com/example/data/sync/FirestoreManager.kt:24:37 Not enough information to infer type argument for 'T'.
e: file:///app/applet/app/src/main/java/com/example/data/sync/FirestoreManager.kt:24:48 Unresolved reference 'collection'.
e: file:///app/applet/app/src/main/java/com/example/data/sync/FirestoreManager.kt:25:33 Property delegate must have a 'getValue(FirestoreManager, KProperty1<FirestoreManager, ERROR CLASS: Cannot infer argument for type parameter T>)' method. None of the following functions is applicable:
fun <T> Lazy<T>.getValue(thisRef: Any?, property: KProperty<*>): T
e: file:///app/applet/app/src/main/java/com/example/data/sync/FirestoreManager.kt:25:36 Cannot infer type for this parameter. Specify it explicitly.
e: file:///app/applet/app/src/main/java/com/example/data/sync/FirestoreManager.kt:25:36 Not enough information to infer type argument for 'T'.
e: file:///app/applet/app/src/main/java/com/example/data/sync/FirestoreManager.kt:25:36 Cannot infer type for this parameter. Specify it explicitly.
e: file:///app/applet/app/src/main/java/com/example/data/sync/FirestoreManager.kt:25:36 Not enough information to infer type argument for 'T'.
e: file:///app/applet/app/src/main/java/com/example/data/sync/FirestoreManager.kt:25:47 Unresolved reference 'collection'.
e: file:///app/applet/app/src/main/java/com/example/data/sync/FirestoreManager.kt:26:33 Property delegate must have a 'getValue(FirestoreManager, KProperty1<FirestoreManager, ERROR CLASS: Cannot infer argument for type parameter T>)' method. None of the following functions is applicable:
fun <T> Lazy<T>.getValue(thisRef: Any?, property: KProperty<*>): T
e: file:///app/applet/app/src/main/java/com/example/data/sync/FirestoreManager.kt:26:36 Cannot infer type for this parameter. Specify it explicitly.
e: file:///app/applet/app/src/main/java/com/example/data/sync/FirestoreManager.kt:26:36 Not enough information to infer type argument for 'T'.
e: file:///app/applet/app/src/main/java/com/example/data/sync/FirestoreManager.kt:26:36 Cannot infer type for this parameter. Specify it explicitly.
e: file:///app/applet/app/src/main/java/com/example/data/sync/FirestoreManager.kt:26:36 Not enough information to infer type argument for 'T'.
e: file:///app/applet/app/src/main/java/com/example/data/sync/FirestoreManager.kt:26:47 Unresolved reference 'collection'.
e: file:///app/applet/app/src/main/java/com/example/data/sync/FirestoreManager.kt:27:38 Property delegate must have a 'getValue(FirestoreManager, KProperty1<FirestoreManager, ERROR CLASS: Cannot infer argument for type parameter T>)' method. None of the following functions is applicable:
fun <T> Lazy<T>.getValue(thisRef: Any?, property: KProperty<*>): T
e: file:///app/applet/app/src/main/java/com/example/data/sync/FirestoreManager.kt:27:41 Cannot infer type for this parameter. Specify it explicitly.
e: file:///app/applet/app/src/main/java/com/example/data/sync/FirestoreManager.kt:27:41 Not enough information to infer type argument for 'T'.
e: file:///app/applet/app/src/main/java/com/example/data/sync/FirestoreManager.kt:27:41 Cannot infer type for this parameter. Specify it explicitly.
e: file:///app/applet/app/src/main/java/com/example/data/sync/FirestoreManager.kt:27:41 Not enough information to infer type argument for 'T'.
e: file:///app/applet/app/src/main/java/com/example/data/sync/FirestoreManager.kt:27:52 Unresolved reference 'collection'.
e: file:///app/applet/app/src/main/java/com/example/data/sync/FirestoreManager.kt:81:38 Unresolved reference 'document'.
e: file:///app/applet/app/src/main/java/com/example/data/sync/FirestoreManager.kt:81:72 Unresolved reference 'await'.
e: file:///app/applet/app/src/main/java/com/example/data/sync/FirestoreManager.kt:94:35 Unresolved reference 'document'.
e: file:///app/applet/app/src/main/java/com/example/data/sync/FirestoreManager.kt:94:66 Unresolved reference 'await'.
e: file:///app/applet/app/src/main/java/com/example/data/sync/FirestoreManager.kt:106:34 Unresolved reference 'document'.
e: file:///app/applet/app/src/main/java/com/example/data/sync/FirestoreManager.kt:106:64 Unresolved reference 'await'.
e: file:///app/applet/app/src/main/java/com/example/data/sync/FirestoreManager.kt:120:34 Unresolved reference 'document'.
e: file:///app/applet/app/src/main/java/com/example/data/sync/FirestoreManager.kt:120:64 Unresolved reference 'await'.
e: file:///app/applet/app/src/main/java/com/example/data/sync/FirestoreManager.kt:134:39 Unresolved reference 'document'.
e: file:///app/applet/app/src/main/java/com/example/data/sync/FirestoreManager.kt:134:68 Unresolved reference 'await'.
e: file:///app/applet/app/src/main/java/com/example/data/sync/FirestoreManager.kt:147:28 Not enough information to infer type argument for 'K'.
e: file:///app/applet/app/src/main/java/com/example/data/sync/FirestoreManager.kt:147:53 No value passed for parameter 'name'.
e: file:///app/applet/app/src/main/java/com/example/data/sync/FirestoreManager.kt:147:56 Unresolved reference 'await'.
e: file:///app/applet/app/src/main/java/com/example/data/sync/FirestoreManager.kt:148:61 Cannot infer type for this parameter. Specify it explicitly.
e: file:///app/applet/app/src/main/java/com/example/data/sync/FirestoreManager.kt:150:46 Unresolved reference 'getString'.
e: file:///app/applet/app/src/main/java/com/example/data/sync/FirestoreManager.kt:156:45 Unresolved reference 'getString'.
e: file:///app/applet/app/src/main/java/com/example/data/sync/FirestoreManager.kt:172:34 Unresolved reference 'getString'.
e: file:///app/applet/app/src/main/java/com/example/data/sync/FirestoreManager.kt:173:36 Unresolved reference 'getString'.
e: file:///app/applet/app/src/main/java/com/example/data/sync/FirestoreManager.kt:174:37 Unresolved reference 'getString'.
e: file:///app/applet/app/src/main/java/com/example/data/sync/FirestoreManager.kt:175:41 Unresolved reference 'getString'.
e: file:///app/applet/app/src/main/java/com/example/data/sync/FirestoreManager.kt:176:41 Unresolved reference 'getString'.
e: file:///app/applet/app/src/main/java/com/example/data/sync/FirestoreManager.kt:179:36 Unresolved reference 'getString'.
e: file:///app/applet/app/src/main/java/com/example/data/sync/FirestoreManager.kt:180:39 Unresolved reference 'getDouble'.
e: file:///app/applet/app/src/main/java/com/example/data/sync/FirestoreManager.kt:181:40 Unresolved reference 'getDouble'.
e: file:///app/applet/app/src/main/java/com/example/data/sync/FirestoreManager.kt:182:39 Unresolved reference 'getDouble'.
e: file:///app/applet/app/src/main/java/com/example/data/sync/FirestoreManager.kt:184:39 Unresolved reference 'getString'.
e: file:///app/applet/app/src/main/java/com/example/data/sync/FirestoreManager.kt:188:46 Unresolved reference 'getString'.
e: file:///app/applet/app/src/main/java/com/example/data/sync/FirestoreManager.kt:189:48 Unresolved reference 'getString'.
e: file:///app/applet/app/src/main/java/com/example/data/sync/FirestoreManager.kt:190:47 Unresolved reference 'getString'.
e: file:///app/applet/app/src/main/java/com/example/data/sync/FirestoreManager.kt:191:50 Unresolved reference 'getString'.
e: file:///app/applet/app/src/main/java/com/example/data/sync/FirestoreManager.kt:198:42 Unresolved reference 'getString'.
e: file:///app/applet/app/src/main/java/com/example/data/sync/FirestoreManager.kt:200:40 Unresolved reference 'getBoolean'.
e: file:///app/applet/app/src/main/java/com/example/data/sync/FirestoreManager.kt:201:43 Unresolved reference 'getBoolean'.
e: file:///app/applet/app/src/main/java/com/example/data/sync/FirestoreManager.kt:202:47 Unresolved reference 'getString'.
e: file:///app/applet/app/src/main/java/com/example/data/sync/FirestoreManager.kt:203:41 Unresolved reference 'getString'.
e: file:///app/applet/app/src/main/java/com/example/data/sync/FirestoreManager.kt:204:47 Unresolved reference 'getString'.
e: file:///app/applet/app/src/main/java/com/example/data/sync/FirestoreManager.kt:205:46 Unresolved reference 'getString'.
e: file:///app/applet/app/src/main/java/com/example/data/sync/FirestoreManager.kt:208:77 Unresolved reference 'id'.
e: file:///app/applet/app/src/main/java/com/example/data/sync/FirestoreManager.kt:222:28 Not enough information to infer type argument for 'K'.
e: file:///app/applet/app/src/main/java/com/example/data/sync/FirestoreManager.kt:222:50 No value passed for parameter 'name'.
e: file:///app/applet/app/src/main/java/com/example/data/sync/FirestoreManager.kt:222:53 Unresolved reference 'await'.
e: file:///app/applet/app/src/main/java/com/example/data/sync/FirestoreManager.kt:223:45 Cannot infer type for this parameter. Specify it explicitly.
e: file:///app/applet/app/src/main/java/com/example/data/sync/FirestoreManager.kt:226:34 Unresolved reference 'getString'.
e: file:///app/applet/app/src/main/java/com/example/data/sync/FirestoreManager.kt:227:36 Unresolved reference 'getString'.
e: file:///app/applet/app/src/main/java/com/example/data/sync/FirestoreManager.kt:228:40 Unresolved reference 'getString'.
e: file:///app/applet/app/src/main/java/com/example/data/sync/FirestoreManager.kt:229:39 Unresolved reference 'getString'.
e: file:///app/applet/app/src/main/java/com/example/data/sync/FirestoreManager.kt:230:43 Unresolved reference 'getString'.
e: file:///app/applet/app/src/main/java/com/example/data/sync/FirestoreManager.kt:244:28 Not enough information to infer type argument for 'K'.
e: file:///app/applet/app/src/main/java/com/example/data/sync/FirestoreManager.kt:244:49 No value passed for parameter 'name'.
e: file:///app/applet/app/src/main/java/com/example/data/sync/FirestoreManager.kt:244:52 Unresolved reference 'await'.
e: file:///app/applet/app/src/main/java/com/example/data/sync/FirestoreManager.kt:245:45 Cannot infer type for this parameter. Specify it explicitly.
e: file:///app/applet/app/src/main/java/com/example/data/sync/FirestoreManager.kt:248:34 Unresolved reference 'getString'.
e: file:///app/applet/app/src/main/java/com/example/data/sync/FirestoreManager.kt:249:36 Unresolved reference 'getString'.
e: file:///app/applet/app/src/main/java/com/example/data/sync/FirestoreManager.kt:250:40 Unresolved reference 'getString'.
e: file:///app/applet/app/src/main/java/com/example/data/sync/FirestoreManager.kt:251:39 Unresolved reference 'getString'.
e: file:///app/applet/app/src/main/java/com/example/data/sync/FirestoreManager.kt:252:43 Unresolved reference 'getString'.
e: file:///app/applet/app/src/main/java/com/example/data/sync/FirestoreManager.kt:266:28 Not enough information to infer type argument for 'K'.
e: file:///app/applet/app/src/main/java/com/example/data/sync/FirestoreManager.kt:266:49 No value passed for parameter 'name'.
e: file:///app/applet/app/src/main/java/com/example/data/sync/FirestoreManager.kt:266:52 Unresolved reference 'await'.
e: file:///app/applet/app/src/main/java/com/example/data/sync/FirestoreManager.kt:267:45 Cannot infer type for this parameter. Specify it explicitly.
e: file:///app/applet/app/src/main/java/com/example/data/sync/FirestoreManager.kt:269:38 Unresolved reference 'getString'.
e: file:///app/applet/app/src/main/java/com/example/data/sync/FirestoreManager.kt:272:34 Unresolved reference 'getString'.
e: file:///app/applet/app/src/main/java/com/example/data/sync/FirestoreManager.kt:273:36 Unresolved reference 'getString'.
e: file:///app/applet/app/src/main/java/com/example/data/sync/FirestoreManager.kt:275:40 Unresolved reference 'getLong'.
e: file:///app/applet/app/src/main/java/com/example/data/sync/FirestoreManager.kt:276:37 Unresolved reference 'getString'.
e: file:///app/applet/app/src/main/java/com/example/data/sync/FirestoreManager.kt:277:39 Unresolved reference 'getString'.
e: file:///app/applet/app/src/main/java/com/example/data/sync/FirestoreManager.kt:278:39 Unresolved reference 'getString'.
e: file:///app/applet/app/src/main/java/com/example/data/sync/FirestoreManager.kt:292:28 Not enough information to infer type argument for 'K'.
e: file:///app/applet/app/src/main/java/com/example/data/sync/FirestoreManager.kt:292:54 No value passed for parameter 'name'.
e: file:///app/applet/app/src/main/java/com/example/data/sync/FirestoreManager.kt:292:57 Unresolved reference 'await'.
e: file:///app/applet/app/src/main/java/com/example/data/sync/FirestoreManager.kt:293:45 Cannot infer type for this parameter. Specify it explicitly.
e: file:///app/applet/app/src/main/java/com/example/data/sync/FirestoreManager.kt:296:34 Unresolved reference 'getString'.
e: file:///app/applet/app/src/main/java/com/example/data/sync/FirestoreManager.kt:297:36 Unresolved reference 'getString'.
e: file:///app/applet/app/src/main/java/com/example/data/sync/FirestoreManager.kt:298:41 Unresolved reference 'getString'.
e: file:///app/applet/app/src/main/java/com/example/data/sync/FirestoreManager.kt:299:43 Unresolved reference 'getString'.
e: file:///app/applet/app/src/main/java/com/example/data/sync/FirestoreManager.kt:300:39 Unresolved reference 'getString'.
e: file:///app/applet/app/src/main/java/com/example/data/sync/FirestoreManager.kt:301:47 Unresolved reference 'getString'.
e: file:///app/applet/app/src/main/java/com/example/data/sync/FirestoreManager.kt:302:39 Unresolved reference 'getString'.
e: file:///app/applet/app/src/main/java/com/example/service/screen/DraftVisionScanner.kt:11:27 Unresolved reference 'tasks'.
e: file:///app/applet/app/src/main/java/com/example/service/screen/DraftVisionScanner.kt:93:61 Unresolved reference 'await'.
e: file:///app/applet/app/src/main/java/com/example/service/screen/DraftVisionScanner.kt:104:38 Method 'iterator()' is ambiguous for this expression. Applicable candidates:
fun <T> Enumeration<T>.iterator(): Iterator<T>
fun <T> Iterator<T>.iterator(): Iterator<T>
fun <K, V> Map<out K, V>.iterator(): Iterator<Map.Entry<K, V>>
fun <K, V> MutableMap<K, V>.iterator(): MutableIterator<MutableMap.MutableEntry<K, V>>
fun CharSequence.iterator(): CharIterator
fun BufferedInputStream.iterator(): ByteIterator
e: file:///app/applet/app/src/main/java/com/example/service/screen/DraftVisionScanner.kt:106:41 Unresolved reference 'text'.
e: file:///app/applet/app/src/main/java/com/example/service/screen/DraftVisionScanner.kt:112:40 Unresolved reference 'boundingBox'.
e: file:///app/applet/app/src/main/java/com/example/util/AppUpdateManager.kt:12:27 Unresolved reference 'tasks'.

FAILURE: Build failed with an exception.

* What went wrong:
Execution failed for task ':app:compileDebugKotlin'.
> A failure occurred while executing org.jetbrains.kotlin.compilerRunner.GradleCompilerRunnerWithWorkers$GradleKotlinCompilerWorkAction
   > Compilation error. See log for more details

* Try:
> Run with --stacktrace option to get the stack trace.
> Run with --info or --debug option to get more log output.
> Run with --scan to get full insights from a Build Scan (powered by Develocity).
> Get more help at https://help.gradle.org.

BUILD FAILED in 42s
8 actionable tasks: 1 executed, 7 up-to-date
Configuration cache entry stored.
